// Jest Snapshot v1, https://goo.gl/fbAQLP

exports[`matches snapshot 1`] = `
<DocumentFragment>
  <div
    class="NewTodoForm"
  >
    <form
      class="NewTodoForm-form"
    >
      <label
        class="NewTodoForm-label"
        for="content"
      >
        Todo
      </label>
      <input
        class="NewTodoForm-input"
        id="content"
        name="content"
        placeholder="What to do, what to do?"
        type="text"
        value=""
      />
      <button
        class="NewTodoForm-btn"
        type="submit"
      >
        Add A Task
      </button>
    </form>
  </div>
</DocumentFragment>
`;
