// Jest Snapshot v1, https://goo.gl/fbAQLP

exports[`matches snapshot 1`] = `
<DocumentFragment>
  <div
    class="Todo"
  >
    <button
      class="Todo-btn"
      style="display: inline-block;"
      type="submit"
    >
      X
    </button>
    <div
      class="Todo-div"
      data-testid="todo"
    >
      <p
        class="Todo-content"
      >
        Wash the car
      </p>
    </div>
  </div>
</DocumentFragment>
`;
